============================= test session starts =============================
platform win32 -- Python 3.13.5, pytest-9.0.2, pluggy-1.6.0
rootdir: C:\Users\jpavi\OneDrive\Documentos\ATCG\Descomplaca\DespachanteDigital\backend
plugins: anyio-4.12.0, asyncio-1.3.0
asyncio: mode=Mode.STRICT, debug=False, asyncio_default_fixture_loop_scope=None, asyncio_default_test_loop_scope=function
collected 0 items / 2 errors

=================================== ERRORS ====================================
___________________ ERROR collecting tests/test_finance.py ____________________
ImportError while importing test module 'C:\Users\jpavi\OneDrive\Documentos\ATCG\Descomplaca\DespachanteDigital\backend\tests\test_finance.py'.
Hint: make sure your test modules/packages have valid Python names.
Traceback:
C:\Users\jpavi\AppData\Local\Programs\Python\Python313\Lib\importlib\__init__.py:88: in import_module
    return _bootstrap._gcd_import(name[level:], package, level)
           ^^^^^^^^^^^^^^^^^^^^^^^^^^^^^^^^^^^^^^^^^^^^^^^^^^^^
tests\test_finance.py:3: in <module>
    from routers.payments import DESCOMPLACA_COMMISSION_PERCENT
routers\payments.py:2: in <module>
    from fastapi import APIRouter, Depends, HTTPException, Request
E   ModuleNotFoundError: No module named 'fastapi'
___________________ ERROR collecting tests/test_leakage.py ____________________
ImportError while importing test module 'C:\Users\jpavi\OneDrive\Documentos\ATCG\Descomplaca\DespachanteDigital\backend\tests\test_leakage.py'.
Hint: make sure your test modules/packages have valid Python names.
Traceback:
C:\Users\jpavi\AppData\Local\Programs\Python\Python313\Lib\importlib\__init__.py:88: in import_module
    return _bootstrap._gcd_import(name[level:], package, level)
           ^^^^^^^^^^^^^^^^^^^^^^^^^^^^^^^^^^^^^^^^^^^^^^^^^^^^
tests\test_leakage.py:3: in <module>
    from pydantic import ValidationError
E   ModuleNotFoundError: No module named 'pydantic'
=========================== short test summary info ===========================
ERROR tests/test_finance.py
ERROR tests/test_leakage.py
!!!!!!!!!!!!!!!!!!! Interrupted: 2 errors during collection !!!!!!!!!!!!!!!!!!!
============================== 2 errors in 0.14s ==============================
